id: rm-cmdbg-macros
snapshots:
  CM_DBG(arg);:
    fixed: arg;
    labels:
    - source: CM_DBG(arg)
      style: primary
      start: 0
      end: 11
  a = CM_DBG(arg);:
    fixed: a = arg;
    labels:
    - source: CM_DBG(arg)
      style: primary
      start: 4
      end: 15
  b = a + CM_DBG(arg);:
    fixed: b = a + arg;
    labels:
    - source: CM_DBG(arg)
      style: primary
      start: 8
      end: 19
  f(CM_DBG(arg));:
    fixed: f(arg);
    labels:
    - source: CM_DBG(arg)
      style: primary
      start: 2
      end: 13
